d:\1`university\cg\lw5\task4\task4\x64\debug\vc143.pdb
d:\1`university\cg\lw5\task4\task4\x64\debug\vc143.idb
d:\1`university\cg\lw5\task4\task4\x64\debug\task4.obj
d:\1`university\cg\lw5\task4\task4\x64\debug\ctextureloader.obj
d:\1`university\cg\lw5\task4\task4\x64\debug\cmyapplication.obj
d:\1`university\cg\lw5\task4\task4\x64\debug\cglapplication.obj
d:\1`university\cg\lw5\task4\task4\x64\debug\crocket.obj
d:\1`university\cg\lw5\task4\x64\debug\task4.exe
d:\1`university\cg\lw5\task4\x64\debug\task4.pdb
d:\1`university\cg\lw5\task4\task4\x64\debug\task4.res
d:\1`university\cg\lw5\task4\task4\x64\debug\task4.ilk
d:\1`university\cg\lw5\task4\task4\x64\debug\task4.tlog\cl.command.1.tlog
d:\1`university\cg\lw5\task4\task4\x64\debug\task4.tlog\cl.items.tlog
d:\1`university\cg\lw5\task4\task4\x64\debug\task4.tlog\cl.read.1.tlog
d:\1`university\cg\lw5\task4\task4\x64\debug\task4.tlog\cl.write.1.tlog
d:\1`university\cg\lw5\task4\task4\x64\debug\task4.tlog\link.command.1.tlog
d:\1`university\cg\lw5\task4\task4\x64\debug\task4.tlog\link.read.1.tlog
d:\1`university\cg\lw5\task4\task4\x64\debug\task4.tlog\link.secondary.1.tlog
d:\1`university\cg\lw5\task4\task4\x64\debug\task4.tlog\link.write.1.tlog
d:\1`university\cg\lw5\task4\task4\x64\debug\task4.tlog\rc.command.1.tlog
d:\1`university\cg\lw5\task4\task4\x64\debug\task4.tlog\rc.read.1.tlog
d:\1`university\cg\lw5\task4\task4\x64\debug\task4.tlog\rc.write.1.tlog
