C:\Program Files\Microsoft Visual Studio\2022\Community\MSBuild\Microsoft\VC\v170\Microsoft.CppBuild.targets(531,5): warning MSB8028: промежуточный каталог (x64\Debug\) содержит файлы, которые используются совместно с другим проектом (task1_1.vcxproj, task2_w.vcxproj).  Это может привести к ошибкам очистки и перестроения.
  CGLApplication.cpp
  CMyApplication.cpp
  CTextureLoader.cpp
C:\Program Files (x86)\Windows Kits\10\Include\10.0.22621.0\um\GdiplusImaging.h(84,1): error C4430: отсутствует спецификатор типа - предполагается int. Примечание. C++ не поддерживает int по умолчанию
  (компиляция исходного файла "CTextureLoader.cpp")
  
C:\Program Files (x86)\Windows Kits\10\Include\10.0.22621.0\um\GdiplusImaging.h(84,15): error C2440: инициализация: невозможно преобразовать "const char [37]" в "int"
  (компиляция исходного файла "CTextureLoader.cpp")
      C:\Program Files (x86)\Windows Kits\10\Include\10.0.22621.0\um\GdiplusImaging.h(84,15):
      Не существует контекста, в котором такое преобразование возможно
  
C:\Program Files (x86)\Windows Kits\10\Include\10.0.22621.0\um\GdiplusImaging.h(85,1): error C2146: синтаксическая ошибка: отсутствие ";" перед идентификатором "IImageBytes"
  (компиляция исходного файла "CTextureLoader.cpp")
  
C:\Program Files (x86)\Windows Kits\10\Include\10.0.22621.0\um\GdiplusImaging.h(85,15): error C2059: синтаксическая ошибка: public
  (компиляция исходного файла "CTextureLoader.cpp")
  
C:\Program Files (x86)\Windows Kits\10\Include\10.0.22621.0\um\GdiplusImaging.h(86,1): error C2143: синтаксическая ошибка: отсутствие ";" перед "{"
  (компиляция исходного файла "CTextureLoader.cpp")
  
C:\Program Files (x86)\Windows Kits\10\Include\10.0.22621.0\um\GdiplusImaging.h(86,1): error C2447: {: отсутствует заголовок функции (возможно, используется формальный список старого типа)
  (компиляция исходного файла "CTextureLoader.cpp")
  
C:\Program Files (x86)\Windows Kits\10\Include\10.0.22621.0\um\GdiplusImaging.h(291,13): error C3646: id: неизвестный спецификатор переопределения
  (компиляция исходного файла "CTextureLoader.cpp")
  
C:\Program Files (x86)\Windows Kits\10\Include\10.0.22621.0\um\GdiplusImaging.h(291,5): error C4430: отсутствует спецификатор типа - предполагается int. Примечание. C++ не поддерживает int по умолчанию
  (компиляция исходного файла "CTextureLoader.cpp")
  
C:\Program Files (x86)\Windows Kits\10\Include\10.0.22621.0\um\GdiplusHeaders.h(397,12): error C2061: синтаксическая ошибка: идентификатор "IStream"
  (компиляция исходного файла "CTextureLoader.cpp")
  
C:\Program Files (x86)\Windows Kits\10\Include\10.0.22621.0\um\GdiplusHeaders.h(407,12): error C2061: синтаксическая ошибка: идентификатор "IStream"
  (компиляция исходного файла "CTextureLoader.cpp")
  
C:\Program Files (x86)\Windows Kits\10\Include\10.0.22621.0\um\GdiplusHeaders.h(417,20): error C2061: синтаксическая ошибка: идентификатор "IStream"
  (компиляция исходного файла "CTextureLoader.cpp")
  
C:\Program Files (x86)\Windows Kits\10\Include\10.0.22621.0\um\GdiplusHeaders.h(455,34): error C2061: синтаксическая ошибка: идентификатор "PROPID"
  (компиляция исходного файла "CTextureLoader.cpp")
  
C:\Program Files (x86)\Windows Kits\10\Include\10.0.22621.0\um\GdiplusHeaders.h(456,33): error C2061: синтаксическая ошибка: идентификатор "PROPID"
  (компиляция исходного файла "CTextureLoader.cpp")
  
C:\Program Files (x86)\Windows Kits\10\Include\10.0.22621.0\um\GdiplusHeaders.h(457,31): error C2061: синтаксическая ошибка: идентификатор "PROPID"
  (компиляция исходного файла "CTextureLoader.cpp")
  
C:\Program Files (x86)\Windows Kits\10\Include\10.0.22621.0\um\GdiplusHeaders.h(465,34): error C2061: синтаксическая ошибка: идентификатор "PROPID"
  (компиляция исходного файла "CTextureLoader.cpp")
  
C:\Program Files (x86)\Windows Kits\10\Include\10.0.22621.0\um\GdiplusHeaders.h(483,5): error C2535: Gdiplus::Image::Image(void): функция-член уже определена или объявлена
  (компиляция исходного файла "CTextureLoader.cpp")
      C:\Program Files (x86)\Windows Kits\10\Include\10.0.22621.0\um\GdiplusHeaders.h(396,5):
       см. объявление "Gdiplus::Image::Image"
  
C:\Program Files (x86)\Windows Kits\10\Include\10.0.22621.0\um\GdiplusHeaders.h(519,12): error C2061: синтаксическая ошибка: идентификатор "IStream"
  (компиляция исходного файла "CTextureLoader.cpp")
  
C:\Program Files (x86)\Windows Kits\10\Include\10.0.22621.0\um\GdiplusHeaders.h(529,12): error C2061: синтаксическая ошибка: идентификатор "IStream"
  (компиляция исходного файла "CTextureLoader.cpp")
  
C:\Program Files (x86)\Windows Kits\10\Include\10.0.22621.0\um\GdiplusHeaders.h(773,17): error C2061: синтаксическая ошибка: идентификатор "IStream"
  (компиляция исходного файла "CTextureLoader.cpp")
  
C:\Program Files (x86)\Windows Kits\10\Include\10.0.22621.0\um\GdiplusHeaders.h(829,12): error C2061: синтаксическая ошибка: идентификатор "IStream"
  (компиляция исходного файла "CTextureLoader.cpp")
  
C:\Program Files (x86)\Windows Kits\10\Include\10.0.22621.0\um\GdiplusHeaders.h(828,5): error C2535: Gdiplus::Metafile::Metafile(void): функция-член уже определена или объявлена
  (компиляция исходного файла "CTextureLoader.cpp")
      C:\Program Files (x86)\Windows Kits\10\Include\10.0.22621.0\um\GdiplusHeaders.h(773,5):
       см. объявление "Gdiplus::Metafile::Metafile"
  
C:\Program Files (x86)\Windows Kits\10\Include\10.0.22621.0\um\GdiplusHeaders.h(836,12): error C2061: синтаксическая ошибка: идентификатор "IStream"
  (компиляция исходного файла "CTextureLoader.cpp")
  
C:\Program Files (x86)\Windows Kits\10\Include\10.0.22621.0\um\GdiplusHeaders.h(835,5): error C2535: Gdiplus::Metafile::Metafile(void): функция-член уже определена или объявлена
  (компиляция исходного файла "CTextureLoader.cpp")
      C:\Program Files (x86)\Windows Kits\10\Include\10.0.22621.0\um\GdiplusHeaders.h(773,5):
       см. объявление "Gdiplus::Metafile::Metafile"
  
C:\Program Files (x86)\Windows Kits\10\Include\10.0.22621.0\um\GdiplusHeaders.h(845,12): error C2061: синтаксическая ошибка: идентификатор "IStream"
  (компиляция исходного файла "CTextureLoader.cpp")
  
C:\Program Files (x86)\Windows Kits\10\Include\10.0.22621.0\um\GdiplusHeaders.h(844,5): error C2535: Gdiplus::Metafile::Metafile(void): функция-член уже определена или объявлена
  (компиляция исходного файла "CTextureLoader.cpp")
      C:\Program Files (x86)\Windows Kits\10\Include\10.0.22621.0\um\GdiplusHeaders.h(773,5):
       см. объявление "Gdiplus::Metafile::Metafile"
  
C:\Program Files (x86)\Windows Kits\10\Include\10.0.22621.0\um\GdiplusHeaders.h(870,12): error C2061: синтаксическая ошибка: идентификатор "IStream"
  (компиляция исходного файла "CTextureLoader.cpp")
  
C:\Program Files (x86)\Windows Kits\10\Include\10.0.22621.0\um\GdiplusHeaders.h(938,5): error C2535: Gdiplus::Metafile::Metafile(void): функция-член уже определена или объявлена
  (компиляция исходного файла "CTextureLoader.cpp")
      C:\Program Files (x86)\Windows Kits\10\Include\10.0.22621.0\um\GdiplusHeaders.h(773,5):
       см. объявление "Gdiplus::Metafile::Metafile"
  
C:\Program Files (x86)\Windows Kits\10\Include\10.0.22621.0\um\GdiplusFlat.h(1145,1): warning C4229: устаревший элемент: пропуск модификаторов для данных
  (компиляция исходного файла "CTextureLoader.cpp")
  
C:\Program Files (x86)\Windows Kits\10\Include\10.0.22621.0\um\GdiplusFlat.h(1145,25): error C2065: IStream: необъявленный идентификатор
  (компиляция исходного файла "CTextureLoader.cpp")
  
C:\Program Files (x86)\Windows Kits\10\Include\10.0.22621.0\um\GdiplusFlat.h(1145,34): error C2065: stream: необъявленный идентификатор
  (компиляция исходного файла "CTextureLoader.cpp")
  
C:\Program Files (x86)\Windows Kits\10\Include\10.0.22621.0\um\GdiplusFlat.h(1145,52): error C2065: image: необъявленный идентификатор
  (компиляция исходного файла "CTextureLoader.cpp")
  
C:\Program Files (x86)\Windows Kits\10\Include\10.0.22621.0\um\GdiplusFlat.h(1145,42): error C2275: "Gdiplus::GpImage": ожидается выражение вместо типа
  (компиляция исходного файла "CTextureLoader.cpp")
  
C:\Program Files (x86)\Windows Kits\10\Include\10.0.22621.0\um\GdiplusFlat.h(1151,1): warning C4229: устаревший элемент: пропуск модификаторов для данных
  (компиляция исходного файла "CTextureLoader.cpp")
  
C:\Program Files (x86)\Windows Kits\10\Include\10.0.22621.0\um\GdiplusFlat.h(1151,28): error C2065: IStream: необъявленный идентификатор
  (компиляция исходного файла "CTextureLoader.cpp")
  
C:\Program Files (x86)\Windows Kits\10\Include\10.0.22621.0\um\GdiplusFlat.h(1151,37): error C2065: stream: необъявленный идентификатор
  (компиляция исходного файла "CTextureLoader.cpp")
  
C:\Program Files (x86)\Windows Kits\10\Include\10.0.22621.0\um\GdiplusFlat.h(1151,55): error C2065: image: необъявленный идентификатор
  (компиляция исходного файла "CTextureLoader.cpp")
  
C:\Program Files (x86)\Windows Kits\10\Include\10.0.22621.0\um\GdiplusFlat.h(1151,45): error C2275: "Gdiplus::GpImage": ожидается выражение вместо типа
  (компиляция исходного файла "CTextureLoader.cpp")
  
C:\Program Files (x86)\Windows Kits\10\Include\10.0.22621.0\um\GdiplusFlat.h(1168,39): error C2061: синтаксическая ошибка: идентификатор "IStream"
  (компиляция исходного файла "CTextureLoader.cpp")
  
C:\Program Files (x86)\Windows Kits\10\Include\10.0.22621.0\um\GdiplusFlat.h(1256,59): error C2061: синтаксическая ошибка: идентификатор "PROPID"
  (компиляция исходного файла "CTextureLoader.cpp")
  
C:\Program Files (x86)\Windows Kits\10\Include\10.0.22621.0\um\GdiplusFlat.h(1259,41): error C2061: синтаксическая ошибка: идентификатор "PROPID"
  (компиляция исходного файла "CTextureLoader.cpp")
  
C:\Program Files (x86)\Windows Kits\10\Include\10.0.22621.0\um\GdiplusFlat.h(1262,37): error C2061: синтаксическая ошибка: идентификатор "PROPID"
  (компиляция исходного файла "CTextureLoader.cpp")
  
C:\Program Files (x86)\Windows Kits\10\Include\10.0.22621.0\um\GdiplusFlat.h(1274,40): error C2061: синтаксическая ошибка: идентификатор "PROPID"
  (компиляция исходного файла "CTextureLoader.cpp")
  
C:\Program Files (x86)\Windows Kits\10\Include\10.0.22621.0\um\GdiplusFlat.h(1298,1): warning C4229: устаревший элемент: пропуск модификаторов для данных
  (компиляция исходного файла "CTextureLoader.cpp")
  
C:\Program Files (x86)\Windows Kits\10\Include\10.0.22621.0\um\GdiplusFlat.h(1298,28): error C2065: IStream: необъявленный идентификатор
  (компиляция исходного файла "CTextureLoader.cpp")
  
C:\Program Files (x86)\Windows Kits\10\Include\10.0.22621.0\um\GdiplusFlat.h(1298,37): error C2065: stream: необъявленный идентификатор
  (компиляция исходного файла "CTextureLoader.cpp")
  
C:\Program Files (x86)\Windows Kits\10\Include\10.0.22621.0\um\GdiplusFlat.h(1298,56): error C2065: bitmap: необъявленный идентификатор
  (компиляция исходного файла "CTextureLoader.cpp")
  
C:\Program Files (x86)\Windows Kits\10\Include\10.0.22621.0\um\GdiplusFlat.h(1298,45): error C2275: "Gdiplus::GpBitmap": ожидается выражение вместо типа
  (компиляция исходного файла "CTextureLoader.cpp")
  
C:\Program Files (x86)\Windows Kits\10\Include\10.0.22621.0\um\GdiplusFlat.h(1304,1): warning C4229: устаревший элемент: пропуск модификаторов для данных
  (компиляция исходного файла "CTextureLoader.cpp")
  
C:\Program Files (x86)\Windows Kits\10\Include\10.0.22621.0\um\GdiplusFlat.h(1304,31): error C2065: IStream: необъявленный идентификатор
  (компиляция исходного файла "CTextureLoader.cpp")
  
C:\Program Files (x86)\Windows Kits\10\Include\10.0.22621.0\um\GdiplusFlat.h(1304,40): error C2065: stream: необъявленный идентификатор
  (компиляция исходного файла "CTextureLoader.cpp")
  
C:\Program Files (x86)\Windows Kits\10\Include\10.0.22621.0\um\GdiplusFlat.h(1304,59): error C2065: bitmap: необъявленный идентификатор
  (компиляция исходного файла "CTextureLoader.cpp")
  
C:\Program Files (x86)\Windows Kits\10\Include\10.0.22621.0\um\GdiplusFlat.h(1304,48): error C2275: "Gdiplus::GpBitmap": ожидается выражение вместо типа
  (компиляция исходного файла "CTextureLoader.cpp")
  
C:\Program Files (x86)\Windows Kits\10\Include\10.0.22621.0\um\GdiplusFlat.h(2234,1): warning C4229: устаревший элемент: пропуск модификаторов для данных
  (компиляция исходного файла "CTextureLoader.cpp")
  
C:\Program Files (x86)\Windows Kits\10\Include\10.0.22621.0\um\GdiplusFlat.h(2235,5): error C2065: IStream: необъявленный идентификатор
  (компиляция исходного файла "CTextureLoader.cpp")
  
C:\Program Files (x86)\Windows Kits\10\Include\10.0.22621.0\um\GdiplusFlat.h(2235,25): error C2065: stream: необъявленный идентификатор
  (компиляция исходного файла "CTextureLoader.cpp")
  
C:\Program Files (x86)\Windows Kits\10\Include\10.0.22621.0\um\GdiplusFlat.h(2236,25): error C2065: header: необъявленный идентификатор
  (компиляция исходного файла "CTextureLoader.cpp")
  
C:\Program Files (x86)\Windows Kits\10\Include\10.0.22621.0\um\GdiplusFlat.h(2236,5): error C2275: "Gdiplus::MetafileHeader": ожидается выражение вместо типа
  (компиляция исходного файла "CTextureLoader.cpp")
  
C:\Program Files (x86)\Windows Kits\10\Include\10.0.22621.0\um\GdiplusFlat.h(2255,24): error C2061: синтаксическая ошибка: идентификатор "IStream"
  (компиляция исходного файла "CTextureLoader.cpp")
  
C:\Program Files (x86)\Windows Kits\10\Include\10.0.22621.0\um\GdiplusFlat.h(2275,1): warning C4229: устаревший элемент: пропуск модификаторов для данных
  (компиляция исходного файла "CTextureLoader.cpp")
  
C:\Program Files (x86)\Windows Kits\10\Include\10.0.22621.0\um\GdiplusFlat.h(2275,30): error C2065: IStream: необъявленный идентификатор
  (компиляция исходного файла "CTextureLoader.cpp")
  
C:\Program Files (x86)\Windows Kits\10\Include\10.0.22621.0\um\GdiplusFlat.h(2275,40): error C2065: stream: необъявленный идентификатор
  (компиляция исходного файла "CTextureLoader.cpp")
  
C:\Program Files (x86)\Windows Kits\10\Include\10.0.22621.0\um\GdiplusFlat.h(2275,61): error C2065: metafile: необъявленный идентификатор
  (компиляция исходного файла "CTextureLoader.cpp")
  
C:\Program Files (x86)\Windows Kits\10\Include\10.0.22621.0\um\GdiplusFlat.h(2275,48): error C2275: "Gdiplus::GpMetafile": ожидается выражение вместо типа
  (компиляция исходного файла "CTextureLoader.cpp")
  
C:\Program Files (x86)\Windows Kits\10\Include\10.0.22621.0\um\GdiplusFlat.h(2321,1): warning C4229: устаревший элемент: пропуск модификаторов для данных
  (компиляция исходного файла "CTextureLoader.cpp")
  
C:\Program Files (x86)\Windows Kits\10\Include\10.0.22621.0\um\GdiplusFlat.h(2322,5): error C2065: IStream: необъявленный идентификатор
  (компиляция исходного файла "CTextureLoader.cpp")
  
C:\Program Files (x86)\Windows Kits\10\Include\10.0.22621.0\um\GdiplusFlat.h(2322,25): error C2065: stream: необъявленный идентификатор
  (компиляция исходного файла "CTextureLoader.cpp")
  
C:\Program Files (x86)\Windows Kits\10\Include\10.0.22621.0\um\GdiplusFlat.h(2323,5): error C2275: "HDC": ожидается выражение вместо типа
  (компиляция исходного файла "CTextureLoader.cpp")
  
C:\Program Files (x86)\Windows Kits\10\Include\10.0.22621.0\um\GdiplusFlat.h(2323,25): error C2146: синтаксическая ошибка: отсутствие ")" перед идентификатором "referenceHdc"
  (компиляция исходного файла "CTextureLoader.cpp")
  
C:\Program Files (x86)\Windows Kits\10\Include\10.0.22621.0\um\GdiplusFlat.h(2332,1): warning C4229: устаревший элемент: пропуск модификаторов для данных
  (компиляция исходного файла "CTextureLoader.cpp")
  
C:\Program Files (x86)\Windows Kits\10\Include\10.0.22621.0\um\GdiplusFlat.h(2333,5): error C2065: IStream: необъявленный идентификатор
  (компиляция исходного файла "CTextureLoader.cpp")
  
C:\Program Files (x86)\Windows Kits\10\Include\10.0.22621.0\um\GdiplusFlat.h(2333,25): error C2065: stream: необъявленный идентификатор
  (компиляция исходного файла "CTextureLoader.cpp")
  
C:\Program Files (x86)\Windows Kits\10\Include\10.0.22621.0\um\GdiplusFlat.h(2334,5): error C2275: "HDC": ожидается выражение вместо типа
  (компиляция исходного файла "CTextureLoader.cpp")
  
C:\Program Files (x86)\Windows Kits\10\Include\10.0.22621.0\um\GdiplusFlat.h(2334,25): error C2146: синтаксическая ошибка: отсутствие ")" перед идентификатором "referenceHdc"
  (компиляция исходного файла "CTextureLoader.cpp")
  
C:\Program Files (x86)\Windows Kits\10\Include\10.0.22621.0\um\GdiplusPath.h(145,35): error C2061: синтаксическая ошибка: идентификатор "byte"
  (компиляция исходного файла "CTextureLoader.cpp")
  
C:\Program Files (x86)\Windows Kits\10\Include\10.0.22621.0\um\GdiplusMetafile.h(80,11): error C7550: "Gdiplus::Metafile::{ctor}": полное имя в этом контексте называет конструктор, а не тип.
  (компиляция исходного файла "CTextureLoader.cpp")
  
C:\Program Files (x86)\Windows Kits\10\Include\10.0.22621.0\um\GdiplusMetafile.h(80,23): error C2065: IStream: необъявленный идентификатор
  (компиляция исходного файла "CTextureLoader.cpp")
  
C:\Program Files (x86)\Windows Kits\10\Include\10.0.22621.0\um\GdiplusMetafile.h(80,32): error C2065: stream: необъявленный идентификатор
  (компиляция исходного файла "CTextureLoader.cpp")
  
C:\Program Files (x86)\Windows Kits\10\Include\10.0.22621.0\um\GdiplusMetafile.h(81,1): error C2143: синтаксическая ошибка: отсутствие ";" перед "{"
  (компиляция исходного файла "CTextureLoader.cpp")
  
C:\Program Files (x86)\Windows Kits\10\Include\10.0.22621.0\um\GdiplusMetafile.h(81,1): error C2447: {: отсутствует заголовок функции (возможно, используется формальный список старого типа)
  (компиляция исходного файла "CTextureLoader.cpp")
  
C:\Program Files (x86)\Windows Kits\10\Include\10.0.22621.0\um\GdiplusMetafile.h(198,11): error C7550: "Gdiplus::Metafile::{ctor}": полное имя в этом контексте называет конструктор, а не тип.
  (компиляция исходного файла "CTextureLoader.cpp")
  
C:\Program Files (x86)\Windows Kits\10\Include\10.0.22621.0\um\GdiplusMetafile.h(199,8): error C2065: IStream: необъявленный идентификатор
  (компиляция исходного файла "CTextureLoader.cpp")
  
C:\Program Files (x86)\Windows Kits\10\Include\10.0.22621.0\um\GdiplusMetafile.h(199,28): error C2065: stream: необъявленный идентификатор
  (компиляция исходного файла "CTextureLoader.cpp")
  
C:\Program Files (x86)\Windows Kits\10\Include\10.0.22621.0\um\GdiplusMetafile.h(200,8): error C2275: "HDC": ожидается выражение вместо типа
  (компиляция исходного файла "CTextureLoader.cpp")
  
C:\Program Files (x86)\Windows Kits\10\Include\10.0.22621.0\um\GdiplusMetafile.h(200,28): error C2146: синтаксическая ошибка: отсутствие ")" перед идентификатором "referenceHdc"
  (компиляция исходного файла "CTextureLoader.cpp")
  
C:\Program Files (x86)\Windows Kits\10\Include\10.0.22621.0\um\GdiplusMetafile.h(204,1): error C2143: синтаксическая ошибка: отсутствие ";" перед "{"
  (компиляция исходного файла "CTextureLoader.cpp")
  
C:\Program Files (x86)\Windows Kits\10\Include\10.0.22621.0\um\GdiplusMetafile.h(204,1): error C2447: {: отсутствует заголовок функции (возможно, используется формальный список старого типа)
  (компиляция исходного файла "CTextureLoader.cpp")
  
C:\Program Files (x86)\Windows Kits\10\Include\10.0.22621.0\um\GdiplusMetafile.h(215,11): error C7550: "Gdiplus::Metafile::{ctor}": полное имя в этом контексте называет конструктор, а не тип.
  (компиляция исходного файла "CTextureLoader.cpp")
  
C:\Program Files (x86)\Windows Kits\10\Include\10.0.22621.0\um\GdiplusMetafile.h(216,8): error C2065: IStream: необъявленный идентификатор
  (компиляция исходного файла "CTextureLoader.cpp")
  
C:\Program Files (x86)\Windows Kits\10\Include\10.0.22621.0\um\GdiplusMetafile.h(216,28): error C2065: stream: необъявленный идентификатор
  (компиляция исходного файла "CTextureLoader.cpp")
  
C:\Program Files (x86)\Windows Kits\10\Include\10.0.22621.0\um\GdiplusMetafile.h(217,8): error C2275: "HDC": ожидается выражение вместо типа
  (компиляция исходного файла "CTextureLoader.cpp")
  
C:\Program Files (x86)\Windows Kits\10\Include\10.0.22621.0\um\GdiplusMetafile.h(217,28): error C2146: синтаксическая ошибка: отсутствие ")" перед идентификатором "referenceHdc"
  (компиляция исходного файла "CTextureLoader.cpp")
  
C:\Program Files (x86)\Windows Kits\10\Include\10.0.22621.0\um\GdiplusMetafile.h(223,1): error C2143: синтаксическая ошибка: отсутствие ";" перед "{"
  (компиляция исходного файла "CTextureLoader.cpp")
  
C:\Program Files (x86)\Windows Kits\10\Include\10.0.22621.0\um\GdiplusMetafile.h(223,1): error C2447: {: отсутствует заголовок функции (возможно, используется формальный список старого типа)
  (компиляция исходного файла "CTextureLoader.cpp")
  
C:\Program Files (x86)\Windows Kits\10\Include\10.0.22621.0\um\GdiplusMetafile.h(234,11): error C7550: "Gdiplus::Metafile::{ctor}": полное имя в этом контексте называет конструктор, а не тип.
  (компиляция исходного файла "CTextureLoader.cpp")
  
C:\Program Files (x86)\Windows Kits\10\Include\10.0.22621.0\um\GdiplusMetafile.h(235,8): error C2065: IStream: необъявленный идентификатор
  (компиляция исходного файла "CTextureLoader.cpp")
  
C:\Program Files (x86)\Windows Kits\10\Include\10.0.22621.0\um\GdiplusMetafile.h(235,28): error C2065: stream: необъявленный идентификатор
  (компиляция исходного файла "CTextureLoader.cpp")
  
C:\Program Files (x86)\Windows Kits\10\Include\10.0.22621.0\um\GdiplusMetafile.h(236,8): error C2275: "HDC": ожидается выражение вместо типа
  (компиляция исходного файла "CTextureLoader.cpp")
  
C:\Program Files (x86)\Windows Kits\10\Include\10.0.22621.0\um\GdiplusMetafile.h(236,28): error C2146: синтаксическая ошибка: отсутствие ")" перед идентификатором "referenceHdc"
  (компиляция исходного файла "CTextureLoader.cpp")
  
C:\Program Files (x86)\Windows Kits\10\Include\10.0.22621.0\um\GdiplusMetafile.h(242,1): error C2143: синтаксическая ошибка: отсутствие ";" перед "{"
  (компиляция исходного файла "CTextureLoader.cpp")
  
C:\Program Files (x86)\Windows Kits\10\Include\10.0.22621.0\um\GdiplusMetafile.h(242,1): error C2447: {: отсутствует заголовок функции (возможно, используется формальный список старого типа)
  (компиляция исходного файла "CTextureLoader.cpp")
  
C:\Program Files (x86)\Windows Kits\10\Include\10.0.22621.0\um\GdiplusMetafile.h(283,11): error C2761: "GetMetafileHeader": повторное объявление члена запрещено.
  (компиляция исходного файла "CTextureLoader.cpp")
  
C:\Program Files (x86)\Windows Kits\10\Include\10.0.22621.0\um\GdiplusMetafile.h(284,8): error C2065: IStream: необъявленный идентификатор
  (компиляция исходного файла "CTextureLoader.cpp")
  
C:\Program Files (x86)\Windows Kits\10\Include\10.0.22621.0\um\GdiplusMetafile.h(284,28): error C2065: stream: необъявленный идентификатор
  (компиляция исходного файла "CTextureLoader.cpp")
  
C:\Program Files (x86)\Windows Kits\10\Include\10.0.22621.0\um\GdiplusMetafile.h(285,28): error C2065: header: необъявленный идентификатор
  (компиляция исходного файла "CTextureLoader.cpp")
  
C:\Program Files (x86)\Windows Kits\10\Include\10.0.22621.0\um\GdiplusMetafile.h(285,9): error C2275: "Gdiplus::MetafileHeader": ожидается выражение вместо типа
  (компиляция исходного файла "CTextureLoader.cpp")
  
C:\Program Files (x86)\Windows Kits\10\Include\10.0.22621.0\um\GdiplusMetafile.h(287,1): error C2143: синтаксическая ошибка: отсутствие ";" перед "{"
  (компиляция исходного файла "CTextureLoader.cpp")
  
C:\Program Files (x86)\Windows Kits\10\Include\10.0.22621.0\um\GdiplusMetafile.h(287,1): error C2447: {: отсутствует заголовок функции (возможно, используется формальный список старого типа)
  (компиляция исходного файла "CTextureLoader.cpp")
  
C:\Program Files (x86)\Windows Kits\10\Include\10.0.22621.0\um\GdiplusBitmap.h(49,8): error C7550: "Gdiplus::Image::{ctor}": полное имя в этом контексте называет конструктор, а не тип.
  (компиляция исходного файла "CTextureLoader.cpp")
  
C:\Program Files (x86)\Windows Kits\10\Include\10.0.22621.0\um\GdiplusBitmap.h(50,8): error C2065: IStream: необъявленный идентификатор
  (компиляция исходного файла "CTextureLoader.cpp")
  
C:\Program Files (x86)\Windows Kits\10\Include\10.0.22621.0\um\GdiplusBitmap.h(50,17): error C2065: stream: необъявленный идентификатор
  (компиляция исходного файла "CTextureLoader.cpp")
  
C:\Program Files (x86)\Windows Kits\10\Include\10.0.22621.0\um\GdiplusBitmap.h(51,8): error C2275: "BOOL": ожидается выражение вместо типа
  (компиляция исходного файла "CTextureLoader.cpp")
  
C:\Program Files (x86)\Windows Kits\10\Include\10.0.22621.0\um\GdiplusBitmap.h(51,8): error C1003: число ошибок превышает 100; остановка компиляции
  (компиляция исходного файла "CTextureLoader.cpp")
  
  task4.cpp
  Создание кода...
