d:\1`university\cg\lw4\task1_1\task2_w\x64\debug\vc143.pdb
d:\1`university\cg\lw4\task1_1\task2_w\x64\debug\vc143.idb
d:\1`university\cg\lw4\task1_1\task2_w\x64\debug\task1_1.obj
d:\1`university\cg\lw4\task1_1\task2_w\x64\debug\cmyapplication.obj
d:\1`university\cg\lw4\task1_1\task2_w\x64\debug\cglapplication.obj
d:\1`university\cg\lw4\task1_1\x64\debug\task1_1.exe
d:\1`university\cg\lw4\task1_1\x64\debug\task1_1.pdb
d:\1`university\cg\lw4\task1_1\task2_w\x64\debug\task2_w.res
d:\1`university\cg\lw4\task1_1\task2_w\x64\debug\task1_1.ilk
d:\1`university\cg\lw4\task1_1\task2_w\x64\debug\cmyapplication.obj.enc
d:\1`university\cg\lw4\task1_1\task2_w\x64\debug\task2_w.ilk
d:\1`university\cg\lw4\task1_1\task2_w\x64\debug\task1_1.tlog\cl.command.1.tlog
d:\1`university\cg\lw4\task1_1\task2_w\x64\debug\task1_1.tlog\cl.items.tlog
d:\1`university\cg\lw4\task1_1\task2_w\x64\debug\task1_1.tlog\cl.read.1.tlog
d:\1`university\cg\lw4\task1_1\task2_w\x64\debug\task1_1.tlog\cl.write.1.tlog
d:\1`university\cg\lw4\task1_1\task2_w\x64\debug\task1_1.tlog\link.command.1.tlog
d:\1`university\cg\lw4\task1_1\task2_w\x64\debug\task1_1.tlog\link.read.1.tlog
d:\1`university\cg\lw4\task1_1\task2_w\x64\debug\task1_1.tlog\link.secondary.1.tlog
d:\1`university\cg\lw4\task1_1\task2_w\x64\debug\task1_1.tlog\link.write.1.tlog
d:\1`university\cg\lw4\task1_1\task2_w\x64\debug\task1_1.tlog\rc.command.1.tlog
d:\1`university\cg\lw4\task1_1\task2_w\x64\debug\task1_1.tlog\rc.read.1.tlog
d:\1`university\cg\lw4\task1_1\task2_w\x64\debug\task1_1.tlog\rc.write.1.tlog
